User@DESKTOP-B266IPU MINGW64 ~
$ cd SI_2025_lab1_236048

User@DESKTOP-B266IPU MINGW64 ~/SI_2025_lab1_236048 (18-list-tasks-sorted-by-name)
$ git checkout master
Switched to branch 'master'
Your branch is behind 'origin/master' by 6 commits, and can be fast-forwarded.
  (use "git pull" to update your local branch)

User@DESKTOP-B266IPU MINGW64 ~/SI_2025_lab1_236048 (master)
$ echo "Стефанија Трајкоска 236048" >> README.md
git init
git add README.md
git commit -m "first commit"
git branch -M master
git remote add origin https://github.com/strajkoskaa/SI_2025_lab1_236048.git
git push -u origin master
Reinitialized existing Git repository in C:/Users/User/SI_2025_lab1_236048/.git/
warning: in the working copy of 'README.md', LF will be replaced by CRLF the next time Git touches it
[master 7e31642] first commit
 3 files changed, 8 insertions(+)
 create mode 100644 .idea/.name
 create mode 100644 .idea/vcs.xml
error: remote origin already exists.
Enumerating objects: 12, done.
Counting objects: 100% (12/12), done.
Delta compression using up to 8 threads
Compressing objects: 100% (10/10), done.
Writing objects: 100% (12/12), 1.99 KiB | 1020.00 KiB/s, done.
Total 12 (delta 2), reused 0 (delta 0), pack-reused 0 (from 0)
remote: Resolving deltas: 100% (2/2), done.
To https://github.com/strajkoskaa/SI_2025_lab1_236048.git
 * [new branch]      master -> master
branch 'master' set up to track 'origin/master'.

User@DESKTOP-B266IPU MINGW64 ~/SI_2025_lab1_236048 (master)
$ ^[[200~git pull origin master~
bash: $'\E[200~git': command not found

User@DESKTOP-B266IPU MINGW64 ~/SI_2025_lab1_236048 (master)
$ git pull origin master
remote: Enumerating objects: 5, done.
remote: Counting objects: 100% (5/5), done.
remote: Compressing objects: 100% (2/2), done.
remote: Total 3 (delta 0), reused 0 (delta 0), pack-reused 0 (from 0)
Unpacking objects: 100% (3/3), 1008 bytes | 37.00 KiB/s, done.
From https://github.com/strajkoskaa/SI_2025_lab1_236048
 * branch            master     -> FETCH_HEAD
   7e31642..8569f33  master     -> origin/master
Updating 7e31642..8569f33
Fast-forward
 README.md | 4 +---
 1 file changed, 1 insertion(+), 3 deletions(-)

User@DESKTOP-B266IPU MINGW64 ~/SI_2025_lab1_236048 (master)
$ git fetch origin
git checkout 1-remove-a-task-by-name
From https://github.com/strajkoskaa/SI_2025_lab1_236048
 + 1cf69e1...8569f33 1-remove-a-task-by-name -> origin/1-remove-a-task-by-name  (forced update)
D       .idea/vcs.xml
Switched to branch '1-remove-a-task-by-name'
Your branch and 'origin/1-remove-a-task-by-name' have diverged,
and have 3 and 2 different commits each, respectively.
  (use "git pull" if you want to integrate the remote branch with yours)

User@DESKTOP-B266IPU MINGW64 ~/SI_2025_lab1_236048 (1-remove-a-task-by-name)
$ git fetch origin
git checkout 2-find-all-completed-tasks
From https://github.com/strajkoskaa/SI_2025_lab1_236048
 + 3106edd...8569f33 2-find-all-completed-tasks -> origin/2-find-all-completed-tasks  (forced update)
Switched to branch '2-find-all-completed-tasks'
Your branch and 'origin/2-find-all-completed-tasks' have diverged,
and have 2 and 2 different commits each, respectively.
  (use "git pull" if you want to integrate the remote branch with yours)

User@DESKTOP-B266IPU MINGW64 ~/SI_2025_lab1_236048 (2-find-all-completed-tasks)
$ git fetch origin
git checkout 3-list-tasks-sorted-by-name
From https://github.com/strajkoskaa/SI_2025_lab1_236048
 + 35145b6...8569f33 3-list-tasks-sorted-by-name -> origin/3-list-tasks-sorted-by-name  (forced update)
Switched to branch '3-list-tasks-sorted-by-name'
Your branch and 'origin/3-list-tasks-sorted-by-name' have diverged,
and have 1 and 2 different commits each, respectively.
  (use "git pull" if you want to integrate the remote branch with yours)

User@DESKTOP-B266IPU MINGW64 ~/SI_2025_lab1_236048 (3-list-tasks-sorted-by-name)
$ git fetch origin

User@DESKTOP-B266IPU MINGW64 ~/SI_2025_lab1_236048 (3-list-tasks-sorted-by-name)
$ git checkout master
Switched to branch 'master'
Your branch is up to date with 'origin/master'.

User@DESKTOP-B266IPU MINGW64 ~/SI_2025_lab1_236048 (master)
$ git fetch origin

User@DESKTOP-B266IPU MINGW64 ~/SI_2025_lab1_236048 (master)
$ git branch
  1-remove-a-task-by-name
  16-remove-a-task-by-name
  17-find-all-completed-tasks
  18-list-tasks-sorted-by-name
  2-find-all-completed-tasks
  3-list-tasks-sorted-by-name
* master

User@DESKTOP-B266IPU MINGW64 ~/SI_2025_lab1_236048 (master)
$ git checkout 1-remove-a-task-by-name
Switched to branch '1-remove-a-task-by-name'
Your branch and 'origin/1-remove-a-task-by-name' have diverged,
and have 3 and 2 different commits each, respectively.
  (use "git pull" if you want to integrate the remote branch with yours)

User@DESKTOP-B266IPU MINGW64 ~/SI_2025_lab1_236048 (1-remove-a-task-by-name)
$ git checkout master
Switched to branch 'master'
Your branch is up to date with 'origin/master'.

User@DESKTOP-B266IPU MINGW64 ~/SI_2025_lab1_236048 (master)
$ git checkout 1-remove-a-task-by-name
Switched to branch '1-remove-a-task-by-name'
Your branch and 'origin/1-remove-a-task-by-name' have diverged,
and have 3 and 2 different commits each, respectively.
  (use "git pull" if you want to integrate the remote branch with yours)

User@DESKTOP-B266IPU MINGW64 ~/SI_2025_lab1_236048 (1-remove-a-task-by-name)
$ git add .

User@DESKTOP-B266IPU MINGW64 ~/SI_2025_lab1_236048 (1-remove-a-task-by-name)
$ git commit -m "Remove a task by name"
On branch 1-remove-a-task-by-name
Your branch and 'origin/1-remove-a-task-by-name' have diverged,
and have 3 and 2 different commits each, respectively.

nothing to commit, working tree clean

User@DESKTOP-B266IPU MINGW64 ~/SI_2025_lab1_236048 (1-remove-a-task-by-name)
$ git push origin 1-remove-a-task-by-name
To https://github.com/strajkoskaa/SI_2025_lab1_236048.git
 ! [rejected]        1-remove-a-task-by-name -> 1-remove-a-task-by-name (non-fast-forward)
error: failed to push some refs to 'https://github.com/strajkoskaa/SI_2025_lab1_236048.git'
hint: Updates were rejected because the tip of your current branch is behind
hint: its remote counterpart. If you want to integrate the remote changes,
hint: use 'git pull' before pushing again.
hint: See the 'Note about fast-forwards' in 'git push --help' for details.

User@DESKTOP-B266IPU MINGW64 ~/SI_2025_lab1_236048 (1-remove-a-task-by-name)
$ git pull --rebase origin 1-remove-a-task-by-name
From https://github.com/strajkoskaa/SI_2025_lab1_236048
 * branch            1-remove-a-task-by-name -> FETCH_HEAD
Successfully rebased and updated refs/heads/1-remove-a-task-by-name.

User@DESKTOP-B266IPU MINGW64 ~/SI_2025_lab1_236048 (1-remove-a-task-by-name)
$ git push origin 1-remove-a-task-by-name
Everything up-to-date

User@DESKTOP-B266IPU MINGW64 ~/SI_2025_lab1_236048 (1-remove-a-task-by-name)
$ git add .
warning: in the working copy of '.idea/workspace.xml', LF will be replaced by CRLF the next time Git touches it

User@DESKTOP-B266IPU MINGW64 ~/SI_2025_lab1_236048 (1-remove-a-task-by-name)
$ git commit -m "Remove a task by name"
[1-remove-a-task-by-name 110d6f8] Remove a task by name
 2 files changed, 64 insertions(+), 1 deletion(-)
 create mode 100644 .idea/workspace.xml

User@DESKTOP-B266IPU MINGW64 ~/SI_2025_lab1_236048 (1-remove-a-task-by-name)
$ git push origin 1-remove-a-task-by-name
Enumerating objects: 8, done.
Counting objects: 100% (8/8), done.
Delta compression using up to 8 threads
Compressing objects: 100% (5/5), done.
Writing objects: 100% (5/5), 1.68 KiB | 1.68 MiB/s, done.
Total 5 (delta 1), reused 0 (delta 0), pack-reused 0 (from 0)
remote: Resolving deltas: 100% (1/1), completed with 1 local object.
To https://github.com/strajkoskaa/SI_2025_lab1_236048.git
   8569f33..110d6f8  1-remove-a-task-by-name -> 1-remove-a-task-by-name

User@DESKTOP-B266IPU MINGW64 ~/SI_2025_lab1_236048 (1-remove-a-task-by-name)
$ git branch
* 1-remove-a-task-by-name
  16-remove-a-task-by-name
  17-find-all-completed-tasks
  18-list-tasks-sorted-by-name
  2-find-all-completed-tasks
  3-list-tasks-sorted-by-name
  master

User@DESKTOP-B266IPU MINGW64 ~/SI_2025_lab1_236048 (1-remove-a-task-by-name)
$ git checkout master
Switched to branch 'master'
Your branch is up to date with 'origin/master'.

User@DESKTOP-B266IPU MINGW64 ~/SI_2025_lab1_236048 (master)
$ git checkout 2-list-tasks-sorted-by-name
error: pathspec '2-list-tasks-sorted-by-name' did not match any file(s) known to git

User@DESKTOP-B266IPU MINGW64 ~/SI_2025_lab1_236048 (master)
$ git checkout 2-find-all-completed-tasks
Switched to branch '2-find-all-completed-tasks'
Your branch and 'origin/2-find-all-completed-tasks' have diverged,
and have 2 and 2 different commits each, respectively.
  (use "git pull" if you want to integrate the remote branch with yours)

User@DESKTOP-B266IPU MINGW64 ~/SI_2025_lab1_236048 (2-find-all-completed-tasks)
$ git add .

User@DESKTOP-B266IPU MINGW64 ~/SI_2025_lab1_236048 (2-find-all-completed-tasks)
$ git commit -m "Find all completed tasks"
On branch 2-find-all-completed-tasks
Your branch and 'origin/2-find-all-completed-tasks' have diverged,
and have 2 and 2 different commits each, respectively.

nothing to commit, working tree clean

User@DESKTOP-B266IPU MINGW64 ~/SI_2025_lab1_236048 (2-find-all-completed-tasks)
$ git push origin 2-find-all-completed-tasks
To https://github.com/strajkoskaa/SI_2025_lab1_236048.git
 ! [rejected]        2-find-all-completed-tasks -> 2-find-all-completed-tasks (non-fast-forward)
error: failed to push some refs to 'https://github.com/strajkoskaa/SI_2025_lab1_236048.git'
hint: Updates were rejected because the tip of your current branch is behind
hint: its remote counterpart. If you want to integrate the remote changes,
hint: use 'git pull' before pushing again.
hint: See the 'Note about fast-forwards' in 'git push --help' for details.

User@DESKTOP-B266IPU MINGW64 ~/SI_2025_lab1_236048 (2-find-all-completed-tasks)
$ git pull --rebase origin 2-find-all-completed-tasks
From https://github.com/strajkoskaa/SI_2025_lab1_236048
 * branch            2-find-all-completed-tasks -> FETCH_HEAD
Successfully rebased and updated refs/heads/2-find-all-completed-tasks.

User@DESKTOP-B266IPU MINGW64 ~/SI_2025_lab1_236048 (2-find-all-completed-tasks)
$ git push origin 2-find-all-completed-tasks
Everything up-to-date

User@DESKTOP-B266IPU MINGW64 ~/SI_2025_lab1_236048 (2-find-all-completed-tasks)
$ git add .

User@DESKTOP-B266IPU MINGW64 ~/SI_2025_lab1_236048 (2-find-all-completed-tasks)
$ git commit -m "Find all completed tasks"
On branch 2-find-all-completed-tasks
Your branch is up to date with 'origin/2-find-all-completed-tasks'.

nothing to commit, working tree clean

User@DESKTOP-B266IPU MINGW64 ~/SI_2025_lab1_236048 (2-find-all-completed-tasks)
$ git push origin 2-find-all-completed-tasks
Everything up-to-date

User@DESKTOP-B266IPU MINGW64 ~/SI_2025_lab1_236048 (2-find-all-completed-tasks)
$ git add .
warning: in the working copy of '.idea/workspace.xml', LF will be replaced by CRLF the next time Git touches it

User@DESKTOP-B266IPU MINGW64 ~/SI_2025_lab1_236048 (2-find-all-completed-tasks)
$ git commit -m "Find all completed tasks"
[2-find-all-completed-tasks 63571fd] Find all completed tasks
 2 files changed, 69 insertions(+), 2 deletions(-)
 create mode 100644 .idea/workspace.xml

User@DESKTOP-B266IPU MINGW64 ~/SI_2025_lab1_236048 (2-find-all-completed-tasks)
$ git push origin 2-find-all-completed-tasks
Enumerating objects: 8, done.
Counting objects: 100% (8/8), done.
Delta compression using up to 8 threads
Compressing objects: 100% (5/5), done.
Writing objects: 100% (5/5), 1.66 KiB | 1.66 MiB/s, done.
Total 5 (delta 1), reused 0 (delta 0), pack-reused 0 (from 0)
remote: Resolving deltas: 100% (1/1), completed with 1 local object.
To https://github.com/strajkoskaa/SI_2025_lab1_236048.git
   8569f33..63571fd  2-find-all-completed-tasks -> 2-find-all-completed-tasks

User@DESKTOP-B266IPU MINGW64 ~/SI_2025_lab1_236048 (2-find-all-completed-tasks)
$ git checkout 3-list-tasks-sorted-by-name
Switched to branch '3-list-tasks-sorted-by-name'
Your branch and 'origin/3-list-tasks-sorted-by-name' have diverged,
and have 1 and 2 different commits each, respectively.
  (use "git pull" if you want to integrate the remote branch with yours)

User@DESKTOP-B266IPU MINGW64 ~/SI_2025_lab1_236048 (3-list-tasks-sorted-by-name)
$ git add .

User@DESKTOP-B266IPU MINGW64 ~/SI_2025_lab1_236048 (3-list-tasks-sorted-by-name)
$ git commit -m "List tasks sorted by name"
[3-list-tasks-sorted-by-name 4dc291c] List tasks sorted by name
 1 file changed, 1 insertion(+), 1 deletion(-)

User@DESKTOP-B266IPU MINGW64 ~/SI_2025_lab1_236048 (3-list-tasks-sorted-by-name)
$ git push 3-list-tasks-sorted-by-name
fatal: '3-list-tasks-sorted-by-name' does not appear to be a git repository
fatal: Could not read from remote repository.

Please make sure you have the correct access rights
and the repository exists.

User@DESKTOP-B266IPU MINGW64 ~/SI_2025_lab1_236048 (3-list-tasks-sorted-by-name)
$ git push origin 3-list-tasks-sorted-by-name
To https://github.com/strajkoskaa/SI_2025_lab1_236048.git
 ! [rejected]        3-list-tasks-sorted-by-name -> 3-list-tasks-sorted-by-name (non-fast-forward)
error: failed to push some refs to 'https://github.com/strajkoskaa/SI_2025_lab1_236048.git'
hint: Updates were rejected because the tip of your current branch is behind
hint: its remote counterpart. If you want to integrate the remote changes,
hint: use 'git pull' before pushing again.
hint: See the 'Note about fast-forwards' in 'git push --help' for details.

User@DESKTOP-B266IPU MINGW64 ~/SI_2025_lab1_236048 (3-list-tasks-sorted-by-name)
$ git pull --rebase origin 3-list-tasks-sorted-by-name
From https://github.com/strajkoskaa/SI_2025_lab1_236048
 * branch            3-list-tasks-sorted-by-name -> FETCH_HEAD
Successfully rebased and updated refs/heads/3-list-tasks-sorted-by-name.

User@DESKTOP-B266IPU MINGW64 ~/SI_2025_lab1_236048 (3-list-tasks-sorted-by-name)
$ git add .
warning: in the working copy of '.idea/workspace.xml', LF will be replaced by CRLF the next time Git touches it

User@DESKTOP-B266IPU MINGW64 ~/SI_2025_lab1_236048 (3-list-tasks-sorted-by-name)
$ git commit -m "List tasks sorted by name"
[3-list-tasks-sorted-by-name 21ad646] List tasks sorted by name
 1 file changed, 61 insertions(+)
 create mode 100644 .idea/workspace.xml

User@DESKTOP-B266IPU MINGW64 ~/SI_2025_lab1_236048 (3-list-tasks-sorted-by-name)
$ git push origin 3-list-tasks-sorted-by-name
Enumerating objects: 10, done.
Counting objects: 100% (10/10), done.
Delta compression using up to 8 threads
Compressing objects: 100% (7/7), done.
Writing objects: 100% (7/7), 1.87 KiB | 959.00 KiB/s, done.
Total 7 (delta 2), reused 0 (delta 0), pack-reused 0 (from 0)
remote: Resolving deltas: 100% (2/2), completed with 2 local objects.
To https://github.com/strajkoskaa/SI_2025_lab1_236048.git
   8569f33..21ad646  3-list-tasks-sorted-by-name -> 3-list-tasks-sorted-by-name

User@DESKTOP-B266IPU MINGW64 ~/SI_2025_lab1_236048 (3-list-tasks-sorted-by-name)
$ git checkout master
Switched to branch 'master'
Your branch is up to date with 'origin/master'.

User@DESKTOP-B266IPU MINGW64 ~/SI_2025_lab1_236048 (master)
$ git merge 3-list-tasks-sorted-by-name
Updating 8569f33..21ad646
Fast-forward
 .idea/workspace.xml | 61 +++++++++++++++++++++++++++++++++++++++++++++++++++++
 SI2025Lab1Main.java |  2 +-
 2 files changed, 62 insertions(+), 1 deletion(-)
 create mode 100644 .idea/workspace.xml

User@DESKTOP-B266IPU MINGW64 ~/SI_2025_lab1_236048 (master)
$ git push origin master
To https://github.com/strajkoskaa/SI_2025_lab1_236048.git
 ! [rejected]        master -> master (fetch first)
error: failed to push some refs to 'https://github.com/strajkoskaa/SI_2025_lab1_236048.git'
hint: Updates were rejected because the remote contains work that you do not
hint: have locally. This is usually caused by another repository pushing to
hint: the same ref. If you want to integrate the remote changes, use
hint: 'git pull' before pushing again.
hint: See the 'Note about fast-forwards' in 'git push --help' for details.

User@DESKTOP-B266IPU MINGW64 ~/SI_2025_lab1_236048 (master)
$ git pull -resolve origin master
error: invalid value for '--rebase': 'esolve'

User@DESKTOP-B266IPU MINGW64 ~/SI_2025_lab1_236048 (master)
$ ^C

User@DESKTOP-B266IPU MINGW64 ~/SI_2025_lab1_236048 (master)
$ git pull -rebase origin master
error: invalid value for '--rebase': 'ebase'

User@DESKTOP-B266IPU MINGW64 ~/SI_2025_lab1_236048 (master)
$ git push origin master
To https://github.com/strajkoskaa/SI_2025_lab1_236048.git
 ! [rejected]        master -> master (fetch first)
error: failed to push some refs to 'https://github.com/strajkoskaa/SI_2025_lab1_236048.git'
hint: Updates were rejected because the remote contains work that you do not
hint: have locally. This is usually caused by another repository pushing to
hint: the same ref. If you want to integrate the remote changes, use
hint: 'git pull' before pushing again.
hint: See the 'Note about fast-forwards' in 'git push --help' for details.

User@DESKTOP-B266IPU MINGW64 ~/SI_2025_lab1_236048 (master)
$ ^C

User@DESKTOP-B266IPU MINGW64 ~/SI_2025_lab1_236048 (master)
$ ^[[200~git branch --no-merged master
bash: $'\E[200~git': command not found

User@DESKTOP-B266IPU MINGW64 ~/SI_2025_lab1_236048 (master)
$ git branch --no-merged master
  1-remove-a-task-by-name
  16-remove-a-task-by-name
  17-find-all-completed-tasks
  18-list-tasks-sorted-by-name
  2-find-all-completed-tasks

User@DESKTOP-B266IPU MINGW64 ~/SI_2025_lab1_236048 (master)
$ git checkout master
Already on 'master'
* 21ad646 (HEAD -> master, origin/3-list-tasks-sorted-by-name, 3-list-tasks-sorted-by-name) List tasks sorted by name
* 393447f List tasks sorted by name
| * 63571fd (origin/2-find-all-completed-tasks, 2-find-all-completed-tasks) Find all completed tasks
|/
| * 110d6f8 (origin/1-remove-a-task-by-name, 1-remove-a-task-by-name) Remove a task by name
|/
* 8569f33 (origin/master, origin/HEAD) Update README.md
* 7e31642 first commit
| *   62a63c1 (origin/18-list-tasks-sorted-by-name, origin/17-find-all-completed-tasks, origin/16-remove-a-task-by-name, 18-list-tasks-sorted-by-name, 17-find-all-completed-tasks, 16-remove-a-task-by-name) Merge pull request #11 from strajkoskaa/2-find-all-completed-tasks
| |\
| | *   5f4c401 Merge branch 'master' into 2-find-all-completed-tasks
| | |\
| | |/
| |/|
| * |   c6e48b4 Merge pull request #10 from strajkoskaa/1-remove-a-task-by-name
| |\ \
| | * | 56b2f06 Remove a task by name
:...skipping...
* 21ad646 (HEAD -> master, origin/3-list-tasks-sorted-by-name, 3-list-tasks-sorted-by-name) List tasks sorted by name
* 393447f List tasks sorted by name
| * 63571fd (origin/2-find-all-completed-tasks, 2-find-all-completed-tasks) Find all completed tasks
|/
| * 110d6f8 (origin/1-remove-a-task-by-name, 1-remove-a-task-by-name) Remove a task by name
|/
* 8569f33 (origin/master, origin/HEAD) Update README.md
* 7e31642 first commit
| *   62a63c1 (origin/18-list-tasks-sorted-by-name, origin/17-find-all-completed-tasks, origin/16-remove-a-task-by-name, 18-list-tasks-sorted-by-name, 17-find-all-completed-tasks, 16-remove-a-task-by-name) Merge pull request #11 from strajkoskaa/2-find-all-completed-tasks
| |\
| | *   5f4c401 Merge branch 'master' into 2-find-all-completed-tasks
| | |\
| | |/
| |/|
| * |   c6e48b4 Merge pull request #10 from strajkoskaa/1-remove-a-task-by-name
| |\ \
| | * | 56b2f06 Remove a task by name
| |/ /
| | * 3106edd Find all completed tasks
| |/
| * 35145b6 Update README.md
|/
* 0625457 Add starter code
* a641c19 Initial commit
